../Core/Src/main.c:45:5:main	152	static
../Core/Src/main.c:101:6:vGreenLedControllerTask	16	static
../Core/Src/main.c:115:6:vOrangeLedControllerTask	16	static
../Core/Src/main.c:129:6:vRedLedControllerTask	16	static
../Core/Src/main.c:143:6:vBlueLedControllerTask	16	static
../Core/Src/main.c:160:6:Timer1_callback	16	static
../Core/Src/main.c:165:6:Timer2_callback	16	static
../Core/Src/main.c:171:5:USART2_write	16	static
../Core/Src/main.c:178:5:__io_putchar	16	static
../Core/Src/main.c:184:6:SystemClock_Config	88	static
../Core/Src/main.c:226:13:MX_USART2_UART_Init	8	static
../Core/Src/main.c:259:13:MX_GPIO_Init	16	static
../Core/Src/main.c:273:6:HAL_TIM_PeriodElapsedCallback	16	static
../Core/Src/main.c:291:6:Error_Handler	4	static,ignoring_inline_asm
