../Core/Src/main.c:33:5:main	152	static
../Core/Src/main.c:83:6:vGreenLedControllerTask	24	static
../Core/Src/main.c:93:6:vOrangeLedControllerTask	24	static
../Core/Src/main.c:103:6:vRedLedControllerTask	24	static
../Core/Src/main.c:113:6:vBlueLedControllerTask	24	static
../Core/Src/main.c:123:5:USART2_write	16	static
../Core/Src/main.c:130:5:__io_putchar	16	static
../Core/Src/main.c:136:6:SystemClock_Config	88	static
../Core/Src/main.c:178:13:MX_USART2_UART_Init	8	static
../Core/Src/main.c:211:13:MX_GPIO_Init	16	static
../Core/Src/main.c:225:6:HAL_TIM_PeriodElapsedCallback	16	static
../Core/Src/main.c:243:6:Error_Handler	4	static,ignoring_inline_asm
