../Core/Src/main.c:28:5:main	16	static
../Core/Src/main.c:59:6:SenderTask	32	static
../Core/Src/main.c:75:6:ReceiverTask	32	static
../Core/Src/main.c:96:5:uart_write	16	static
../Core/Src/main.c:103:5:__io_putchar	16	static
../Core/Src/main.c:109:6:SystemClock_Config	88	static
../Core/Src/main.c:151:13:MX_USART2_UART_Init	8	static
../Core/Src/main.c:184:13:MX_GPIO_Init	16	static
../Core/Src/main.c:198:6:HAL_TIM_PeriodElapsedCallback	16	static
../Core/Src/main.c:216:6:Error_Handler	4	static,ignoring_inline_asm
