../Core/Src/main.c:31:5:main	16	static
../Core/Src/main.c:67:6:vSenderTask1	24	static
../Core/Src/main.c:81:6:vSenderTask2	24	static
../Core/Src/main.c:95:6:vReceiverTask	24	static
../Core/Src/main.c:110:5:uart_write	16	static
../Core/Src/main.c:117:5:__io_putchar	16	static
../Core/Src/main.c:124:6:SystemClock_Config	88	static
../Core/Src/main.c:166:13:MX_USART2_UART_Init	8	static
../Core/Src/main.c:199:13:MX_GPIO_Init	16	static
../Core/Src/main.c:213:6:HAL_TIM_PeriodElapsedCallback	16	static
../Core/Src/main.c:231:6:Error_Handler	4	static,ignoring_inline_asm
