../Core/Src/main.c:36:5:main	152	static
../Core/Src/main.c:86:6:vGreenLedControllerTask	24	static
../Core/Src/main.c:101:6:vOrangeLedControllerTask	24	static
../Core/Src/main.c:111:6:vRedLedControllerTask	24	static
../Core/Src/main.c:121:6:vBlueLedControllerTask	24	static
../Core/Src/main.c:131:5:USART2_write	16	static
../Core/Src/main.c:138:5:__io_putchar	16	static
../Core/Src/main.c:144:6:SystemClock_Config	88	static
../Core/Src/main.c:186:13:MX_USART2_UART_Init	8	static
../Core/Src/main.c:219:13:MX_GPIO_Init	16	static
../Core/Src/main.c:233:6:HAL_TIM_PeriodElapsedCallback	16	static
../Core/Src/main.c:251:6:Error_Handler	4	static,ignoring_inline_asm
