../Core/Src/main.c:26:5:main	136	static
../Core/Src/main.c:61:6:StartDefaultTask	16	static
../Core/Src/main.c:73:6:Thread1Func	64	static
../Core/Src/main.c:88:6:Thread2Func	64	static
../Core/Src/main.c:106:6:Thread3Func	64	static
../Core/Src/main.c:123:6:SystemClock_Config	88	static
../Core/Src/main.c:160:13:MX_USART2_UART_Init	8	static
../Core/Src/main.c:179:13:MX_GPIO_Init	40	static
../Core/Src/main.c:202:6:HAL_TIM_PeriodElapsedCallback	16	static
../Core/Src/main.c:213:6:Error_Handler	4	static,ignoring_inline_asm
