../Drivers/CMSIS/Include/core_cm4.h:1684:22:__NVIC_EnableIRQ	16	static,ignoring_inline_asm
../Drivers/CMSIS/Include/core_cm4.h:1814:22:__NVIC_SetPriority	16	static
../Core/Src/main.c:33:5:main	16	static
../Core/Src/main.c:58:6:start_rx_interrupt	8	static
../Core/Src/main.c:67:6:USART2_IRQHandler	16	static
../Core/Src/main.c:84:6:HandlerTask	16	static
../Core/Src/main.c:97:6:SystemClock_Config	88	static
../Core/Src/main.c:145:13:MX_GPIO_Init	16	static
../Core/Src/main.c:159:6:HAL_TIM_PeriodElapsedCallback	16	static
../Core/Src/main.c:177:6:Error_Handler	4	static,ignoring_inline_asm
