../Core/Src/main.c:57:5:main	152	static
../Core/Src/main.c:117:6:vGreenLedControllerTask	16	static
../Core/Src/main.c:126:6:vOrangeLedControllerTask	16	static
../Core/Src/main.c:135:6:vRedLedControllerTask	16	static
../Core/Src/main.c:148:6:vBlueLedControllerTask	16	static
../Core/Src/main.c:164:6:Timer1_callback	16	static
../Core/Src/main.c:169:6:Timer2_callback	16	static
../Core/Src/main.c:175:5:USART2_write	16	static
../Core/Src/main.c:182:5:__io_putchar	16	static
../Core/Src/main.c:188:6:SystemClock_Config	88	static
../Core/Src/main.c:230:13:MX_USART2_UART_Init	8	static
../Core/Src/main.c:263:13:MX_GPIO_Init	16	static
../Core/Src/main.c:277:6:HAL_TIM_PeriodElapsedCallback	16	static
../Core/Src/main.c:295:6:Error_Handler	4	static,ignoring_inline_asm
