../Core/Src/main.c:35:5:main	152	static
../Core/Src/main.c:85:6:vGreenLedControllerTask	24	static
../Core/Src/main.c:97:6:vOrangeLedControllerTask	24	static
../Core/Src/main.c:108:6:vRedLedControllerTask	24	static
../Core/Src/main.c:119:6:vBlueLedControllerTask	24	static
../Core/Src/main.c:130:5:USART2_write	16	static
../Core/Src/main.c:137:5:__io_putchar	16	static
../Core/Src/main.c:143:6:SystemClock_Config	88	static
../Core/Src/main.c:185:13:MX_USART2_UART_Init	8	static
../Core/Src/main.c:218:13:MX_GPIO_Init	16	static
../Core/Src/main.c:232:6:HAL_TIM_PeriodElapsedCallback	16	static
../Core/Src/main.c:250:6:Error_Handler	4	static,ignoring_inline_asm
