../Core/Src/main.c:30:5:main	16	static
../Core/Src/main.c:51:6:RedLedControllerTask	16	static
../Core/Src/main.c:67:6:YellowLedControllerTask	16	static
../Core/Src/main.c:81:6:BlueLedControllerTask	16	static
../Core/Src/main.c:95:5:uart_write	16	static
../Core/Src/main.c:102:5:__io_putchar	16	static
../Core/Src/main.c:109:6:SystemClock_Config	88	static
../Core/Src/main.c:151:13:MX_USART2_UART_Init	8	static
../Core/Src/main.c:184:13:MX_GPIO_Init	16	static
../Core/Src/main.c:198:6:HAL_TIM_PeriodElapsedCallback	16	static
../Core/Src/main.c:216:6:Error_Handler	4	static,ignoring_inline_asm
