14:02:49 **** Build of configuration Debug for project 15_SynchingQueues ****
make -j12 all 
arm-none-eabi-gcc "../Core/Src/main.c" -mcpu=cortex-m4 -std=gnu11 -g3 -DDEBUG -DUSE_HAL_DRIVER -DSTM32F411xE -c -I../Core/Inc -I../Drivers/STM32F4xx_HAL_Driver/Inc -I../Drivers/STM32F4xx_HAL_Driver/Inc/Legacy -I../Drivers/CMSIS/Device/ST/STM32F4xx/Include -I../Drivers/CMSIS/Include -I../Middlewares/Third_Party/FreeRTOS/Source/include -I../Middlewares/Third_Party/FreeRTOS/Source/CMSIS_RTOS_V2 -I../Middlewares/Third_Party/FreeRTOS/Source/portable/GCC/ARM_CM4F -O0 -ffunction-sections -fdata-sections -Wall -fstack-usage -fcyclomatic-complexity -MMD -MP -MF"Core/Src/main.d" -MT"Core/Src/main.o" --specs=nano.specs -mfpu=fpv4-sp-d16 -mfloat-abi=hard -mthumb -o "Core/Src/main.o"
arm-none-eabi-gcc -o "15_SynchingQueues.elf" @"objects.list"   -mcpu=cortex-m4 -T"C:\STM32f411 FreeRTOS Workspace\15_SynchingQueues\STM32F411RETX_FLASH.ld" --specs=nosys.specs -Wl,-Map="15_SynchingQueues.map" -Wl,--gc-sections -static --specs=nano.specs -mfpu=fpv4-sp-d16 -mfloat-abi=hard -mthumb -Wl,--start-group -lc -lm -Wl,--end-group
Finished building target: 15_SynchingQueues.elf
 
arm-none-eabi-size  15_SynchingQueues.elf 
arm-none-eabi-objdump -h -S 15_SynchingQueues.elf  > "15_SynchingQueues.list"
arm-none-eabi-objcopy  -O ihex 15_SynchingQueues.elf  "15_SynchingQueues.hex"
   text	   data	    bss	    dec	    hex	filename
  24104	    108	  20828	  45040	   aff0	15_SynchingQueues.elf
arm-none-eabi-objcopy  -O binary 15_SynchingQueues.elf  "15_SynchingQueues.bin"
Finished building: default.size.stdout
 
Finished building: 15_SynchingQueues.hex
 
Finished building: 15_SynchingQueues.bin
 
Finished building: 15_SynchingQueues.list
 

14:02:58 Build Finished. 0 errors, 0 warnings. (took 8s.254ms)

