09:44:09 **** Incremental Build of configuration Debug for project 23_WorkingWithSoftwareTimers ****
make -j12 all 
arm-none-eabi-gcc "../Core/Src/main.c" -mcpu=cortex-m4 -std=gnu11 -g3 -DDEBUG -DUSE_HAL_DRIVER -DSTM32F411xE -c -I../Core/Inc -I../Drivers/STM32F4xx_HAL_Driver/Inc -I../Drivers/STM32F4xx_HAL_Driver/Inc/Legacy -I../Drivers/CMSIS/Device/ST/STM32F4xx/Include -I../Drivers/CMSIS/Include -I../Middlewares/Third_Party/FreeRTOS/Source/include -I../Middlewares/Third_Party/FreeRTOS/Source/CMSIS_RTOS_V2 -I../Middlewares/Third_Party/FreeRTOS/Source/portable/GCC/ARM_CM4F -O0 -ffunction-sections -fdata-sections -Wall -fstack-usage -fcyclomatic-complexity -MMD -MP -MF"Core/Src/main.d" -MT"Core/Src/main.o" --specs=nano.specs -mfpu=fpv4-sp-d16 -mfloat-abi=hard -mthumb -o "Core/Src/main.o"
arm-none-eabi-gcc -o "23_WorkingWithSoftwareTimers.elf" @"objects.list"   -mcpu=cortex-m4 -T"C:\STM32f411 FreeRTOS Workspace\23_WorkingWithSoftwareTimers\STM32F411RETX_FLASH.ld" --specs=nosys.specs -Wl,-Map="23_WorkingWithSoftwareTimers.map" -Wl,--gc-sections -static --specs=nano.specs -mfpu=fpv4-sp-d16 -mfloat-abi=hard -mthumb -Wl,--start-group -lc -lm -Wl,--end-group
Finished building target: 23_WorkingWithSoftwareTimers.elf
 
arm-none-eabi-size  23_WorkingWithSoftwareTimers.elf 
arm-none-eabi-objdump -h -S 23_WorkingWithSoftwareTimers.elf  > "23_WorkingWithSoftwareTimers.list"
arm-none-eabi-objcopy  -O ihex 23_WorkingWithSoftwareTimers.elf  "23_WorkingWithSoftwareTimers.hex"
   text	   data	    bss	    dec	    hex	filename
  17020	    108	  18996	  36124	   8d1c	23_WorkingWithSoftwareTimers.elf
arm-none-eabi-objcopy  -O binary 23_WorkingWithSoftwareTimers.elf  "23_WorkingWithSoftwareTimers.bin"
Finished building: default.size.stdout
 
Finished building: 23_WorkingWithSoftwareTimers.hex
Finished building: 23_WorkingWithSoftwareTimers.bin
 
 
Finished building: 23_WorkingWithSoftwareTimers.list
 

09:44:11 Build Finished. 0 errors, 0 warnings. (took 1s.908ms)

