09:58:26 **** Incremental Build of configuration Debug for project 24_StoppingTheTimer ****
make -j12 all 
arm-none-eabi-gcc "../Core/Src/main.c" -mcpu=cortex-m4 -std=gnu11 -g3 -DDEBUG -DUSE_HAL_DRIVER -DSTM32F411xE -c -I../Core/Inc -I../Drivers/STM32F4xx_HAL_Driver/Inc -I../Drivers/STM32F4xx_HAL_Driver/Inc/Legacy -I../Drivers/CMSIS/Device/ST/STM32F4xx/Include -I../Drivers/CMSIS/Include -I../Middlewares/Third_Party/FreeRTOS/Source/include -I../Middlewares/Third_Party/FreeRTOS/Source/CMSIS_RTOS_V2 -I../Middlewares/Third_Party/FreeRTOS/Source/portable/GCC/ARM_CM4F -O0 -ffunction-sections -fdata-sections -Wall -fstack-usage -fcyclomatic-complexity -MMD -MP -MF"Core/Src/main.d" -MT"Core/Src/main.o" --specs=nano.specs -mfpu=fpv4-sp-d16 -mfloat-abi=hard -mthumb -o "Core/Src/main.o"
arm-none-eabi-gcc -o "24_StoppingTheTimer.elf" @"objects.list"   -mcpu=cortex-m4 -T"C:\STM32f411 FreeRTOS Workspace\24_StoppingTheTimer\STM32F411RETX_FLASH.ld" --specs=nosys.specs -Wl,-Map="24_StoppingTheTimer.map" -Wl,--gc-sections -static --specs=nano.specs -mfpu=fpv4-sp-d16 -mfloat-abi=hard -mthumb -Wl,--start-group -lc -lm -Wl,--end-group
Finished building target: 24_StoppingTheTimer.elf
 
arm-none-eabi-size  24_StoppingTheTimer.elf 
arm-none-eabi-objdump -h -S 24_StoppingTheTimer.elf  > "24_StoppingTheTimer.list"
arm-none-eabi-objcopy  -O ihex 24_StoppingTheTimer.elf  "24_StoppingTheTimer.hex"
   text	   data	    bss	    dec	    hex	filename
  19608	    108	  19036	  38752	   9760	24_StoppingTheTimer.elf
arm-none-eabi-objcopy  -O binary 24_StoppingTheTimer.elf  "24_StoppingTheTimer.bin"
Finished building: default.size.stdout
 
Finished building: 24_StoppingTheTimer.hex
Finished building: 24_StoppingTheTimer.bin
 
 
Finished building: 24_StoppingTheTimer.list
 

09:58:27 Build Finished. 0 errors, 0 warnings. (took 971ms)

