11:08:21 **** Incremental Build of configuration Debug for project 25_IntaractingWithDrivers ****
make -j12 all 
arm-none-eabi-gcc "../Core/Src/main.c" -mcpu=cortex-m4 -std=gnu11 -g3 -DDEBUG -DUSE_HAL_DRIVER -DSTM32F411xE -c -I../Core/Inc -I../Drivers/STM32F4xx_HAL_Driver/Inc -I../Drivers/STM32F4xx_HAL_Driver/Inc/Legacy -I../Drivers/CMSIS/Device/ST/STM32F4xx/Include -I../Drivers/CMSIS/Include -I../Middlewares/Third_Party/FreeRTOS/Source/include -I../Middlewares/Third_Party/FreeRTOS/Source/CMSIS_RTOS_V2 -I../Middlewares/Third_Party/FreeRTOS/Source/portable/GCC/ARM_CM4F -O0 -ffunction-sections -fdata-sections -Wall -fstack-usage -fcyclomatic-complexity -MMD -MP -MF"Core/Src/main.d" -MT"Core/Src/main.o" --specs=nano.specs -mfpu=fpv4-sp-d16 -mfloat-abi=hard -mthumb -o "Core/Src/main.o"
arm-none-eabi-gcc -o "25_IntaractingWithDrivers.elf" @"objects.list"   -mcpu=cortex-m4 -T"C:\STM32f411 FreeRTOS Workspace\25_IntaractingWithDrivers\STM32F411RETX_FLASH.ld" --specs=nosys.specs -Wl,-Map="25_IntaractingWithDrivers.map" -Wl,--gc-sections -static --specs=nano.specs -mfpu=fpv4-sp-d16 -mfloat-abi=hard -mthumb -Wl,--start-group -lc -lm -Wl,--end-group
Finished building target: 25_IntaractingWithDrivers.elf
 
arm-none-eabi-size  25_IntaractingWithDrivers.elf 
arm-none-eabi-objdump -h -S 25_IntaractingWithDrivers.elf  > "25_IntaractingWithDrivers.list"
arm-none-eabi-objcopy  -O ihex 25_IntaractingWithDrivers.elf  "25_IntaractingWithDrivers.hex"
   text	   data	    bss	    dec	    hex	filename
  19864	     16	  20496	  40376	   9db8	25_IntaractingWithDrivers.elf
arm-none-eabi-objcopy  -O binary 25_IntaractingWithDrivers.elf  "25_IntaractingWithDrivers.bin"
Finished building: default.size.stdout
 
Finished building: 25_IntaractingWithDrivers.hex
Finished building: 25_IntaractingWithDrivers.bin
 
 
Finished building: 25_IntaractingWithDrivers.list
 

11:08:26 Build Finished. 0 errors, 0 warnings. (took 4s.991ms)

