14:12:22 **** Incremental Build of configuration Debug for project 28_EventGroups ****
make -j12 all 
arm-none-eabi-gcc "../Core/Src/main.c" -mcpu=cortex-m4 -std=gnu11 -g3 -DDEBUG -DUSE_HAL_DRIVER -DSTM32F411xE -c -I../Core/Inc -I../Drivers/STM32F4xx_HAL_Driver/Inc -I../Drivers/STM32F4xx_HAL_Driver/Inc/Legacy -I../Drivers/CMSIS/Device/ST/STM32F4xx/Include -I../Drivers/CMSIS/Include -I../Middlewares/Third_Party/FreeRTOS/Source/include -I../Middlewares/Third_Party/FreeRTOS/Source/CMSIS_RTOS_V2 -I../Middlewares/Third_Party/FreeRTOS/Source/portable/GCC/ARM_CM4F -O0 -ffunction-sections -fdata-sections -Wall -fstack-usage -fcyclomatic-complexity -MMD -MP -MF"Core/Src/main.d" -MT"Core/Src/main.o" --specs=nano.specs -mfpu=fpv4-sp-d16 -mfloat-abi=hard -mthumb -o "Core/Src/main.o"
arm-none-eabi-gcc -o "28_EventGroups.elf" @"objects.list"   -mcpu=cortex-m4 -T"C:\STM32f411 FreeRTOS Workspace\28_EventGroups\STM32F411RETX_FLASH.ld" --specs=nosys.specs -Wl,-Map="28_EventGroups.map" -Wl,--gc-sections -static --specs=nano.specs -mfpu=fpv4-sp-d16 -mfloat-abi=hard -mthumb -Wl,--start-group -lc -lm -Wl,--end-group
Finished building target: 28_EventGroups.elf
 
arm-none-eabi-size  28_EventGroups.elf 
arm-none-eabi-objdump -h -S 28_EventGroups.elf  > "28_EventGroups.list"
arm-none-eabi-objcopy  -O ihex 28_EventGroups.elf  "28_EventGroups.hex"
   text	   data	    bss	    dec	    hex	filename
  25492	    108	  20820	  46420	   b554	28_EventGroups.elf
arm-none-eabi-objcopy  -O binary 28_EventGroups.elf  "28_EventGroups.bin"
Finished building: default.size.stdout
 
Finished building: 28_EventGroups.hex
Finished building: 28_EventGroups.bin
 
 
Finished building: 28_EventGroups.list
 

14:12:24 Build Finished. 0 errors, 0 warnings. (took 1s.939ms)

