14:50:31 **** Incremental Build of configuration Debug for project 29_EventGroupsWithMultipleSetters ****
make -j12 all 
arm-none-eabi-gcc "../Core/Src/main.c" -mcpu=cortex-m4 -std=gnu11 -g3 -DDEBUG -DUSE_HAL_DRIVER -DSTM32F411xE -c -I../Core/Inc -I../Drivers/STM32F4xx_HAL_Driver/Inc -I../Drivers/STM32F4xx_HAL_Driver/Inc/Legacy -I../Drivers/CMSIS/Device/ST/STM32F4xx/Include -I../Drivers/CMSIS/Include -I../Middlewares/Third_Party/FreeRTOS/Source/include -I../Middlewares/Third_Party/FreeRTOS/Source/CMSIS_RTOS_V2 -I../Middlewares/Third_Party/FreeRTOS/Source/portable/GCC/ARM_CM4F -O0 -ffunction-sections -fdata-sections -Wall -fstack-usage -fcyclomatic-complexity -MMD -MP -MF"Core/Src/main.d" -MT"Core/Src/main.o" --specs=nano.specs -mfpu=fpv4-sp-d16 -mfloat-abi=hard -mthumb -o "Core/Src/main.o"
arm-none-eabi-gcc -o "29_EventGroupsWithMultipleSetters.elf" @"objects.list"   -mcpu=cortex-m4 -T"C:\STM32f411 FreeRTOS Workspace\29_EventGroupsWithMultipleSetters\STM32F411RETX_FLASH.ld" --specs=nosys.specs -Wl,-Map="29_EventGroupsWithMultipleSetters.map" -Wl,--gc-sections -static --specs=nano.specs -mfpu=fpv4-sp-d16 -mfloat-abi=hard -mthumb -Wl,--start-group -lc -lm -Wl,--end-group
Finished building target: 29_EventGroupsWithMultipleSetters.elf
 
arm-none-eabi-size  29_EventGroupsWithMultipleSetters.elf 
arm-none-eabi-objdump -h -S 29_EventGroupsWithMultipleSetters.elf  > "29_EventGroupsWithMultipleSetters.list"
arm-none-eabi-objcopy  -O ihex 29_EventGroupsWithMultipleSetters.elf  "29_EventGroupsWithMultipleSetters.hex"
   text	   data	    bss	    dec	    hex	filename
  25460	    108	  20820	  46388	   b534	29_EventGroupsWithMultipleSetters.elf
arm-none-eabi-objcopy  -O binary 29_EventGroupsWithMultipleSetters.elf  "29_EventGroupsWithMultipleSetters.bin"
Finished building: default.size.stdout
 
Finished building: 29_EventGroupsWithMultipleSetters.hex
Finished building: 29_EventGroupsWithMultipleSetters.bin
 
 
Finished building: 29_EventGroupsWithMultipleSetters.list
 

14:50:33 Build Finished. 0 errors, 0 warnings. (took 1s.886ms)

