09:27:56 **** Incremental Build of configuration Debug for project 39_CMSIS_RTOS_ThreadTerminate ****
make -j12 all 
arm-none-eabi-gcc "../Core/Src/main.c" -mcpu=cortex-m4 -std=gnu11 -g3 -DDEBUG -DUSE_HAL_DRIVER -DSTM32F411xE -c -I../Core/Inc -I../Drivers/STM32F4xx_HAL_Driver/Inc -I../Drivers/STM32F4xx_HAL_Driver/Inc/Legacy -I../Drivers/CMSIS/Device/ST/STM32F4xx/Include -I../Drivers/CMSIS/Include -I../Middlewares/Third_Party/FreeRTOS/Source/include -I../Middlewares/Third_Party/FreeRTOS/Source/CMSIS_RTOS_V2 -I../Middlewares/Third_Party/FreeRTOS/Source/portable/GCC/ARM_CM4F -O0 -ffunction-sections -fdata-sections -Wall -fstack-usage -fcyclomatic-complexity -MMD -MP -MF"Core/Src/main.d" -MT"Core/Src/main.o" --specs=nano.specs -mfpu=fpv4-sp-d16 -mfloat-abi=hard -mthumb -o "Core/Src/main.o"
arm-none-eabi-gcc -o "39_CMSIS_RTOS_ThreadTerminate.elf" @"objects.list"   -mcpu=cortex-m4 -T"C:\STM32f411 FreeRTOS Workspace\39_CMSIS_RTOS_ThreadTerminate\STM32F411RETX_FLASH.ld" --specs=nosys.specs -Wl,-Map="39_CMSIS_RTOS_ThreadTerminate.map" -Wl,--gc-sections -static --specs=nano.specs -mfpu=fpv4-sp-d16 -mfloat-abi=hard -mthumb -Wl,--start-group -lc -lm -Wl,--end-group
Finished building target: 39_CMSIS_RTOS_ThreadTerminate.elf
 
arm-none-eabi-size  39_CMSIS_RTOS_ThreadTerminate.elf 
arm-none-eabi-objdump -h -S 39_CMSIS_RTOS_ThreadTerminate.elf  > "39_CMSIS_RTOS_ThreadTerminate.list"
arm-none-eabi-objcopy  -O ihex 39_CMSIS_RTOS_ThreadTerminate.elf  "39_CMSIS_RTOS_ThreadTerminate.hex"
   text	   data	    bss	    dec	    hex	filename
  21144	     16	  20520	  41680	   a2d0	39_CMSIS_RTOS_ThreadTerminate.elf
arm-none-eabi-objcopy  -O binary 39_CMSIS_RTOS_ThreadTerminate.elf  "39_CMSIS_RTOS_ThreadTerminate.bin"
Finished building: default.size.stdout
 
Finished building: 39_CMSIS_RTOS_ThreadTerminate.hex
Finished building: 39_CMSIS_RTOS_ThreadTerminate.bin
 
 
Finished building: 39_CMSIS_RTOS_ThreadTerminate.list
 

09:27:58 Build Finished. 0 errors, 0 warnings. (took 1s.876ms)

