09:40:08 **** Build of configuration Debug for project 41_CMSIS_RTOS_osTimer ****
make -j12 all 
arm-none-eabi-gcc "../Core/Src/main.c" -mcpu=cortex-m4 -std=gnu11 -g3 -DDEBUG -DUSE_HAL_DRIVER -DSTM32F411xE -c -I../Core/Inc -I../Drivers/STM32F4xx_HAL_Driver/Inc -I../Drivers/STM32F4xx_HAL_Driver/Inc/Legacy -I../Drivers/CMSIS/Device/ST/STM32F4xx/Include -I../Drivers/CMSIS/Include -I../Middlewares/Third_Party/FreeRTOS/Source/include -I../Middlewares/Third_Party/FreeRTOS/Source/CMSIS_RTOS_V2 -I../Middlewares/Third_Party/FreeRTOS/Source/portable/GCC/ARM_CM4F -O0 -ffunction-sections -fdata-sections -Wall -fstack-usage -fcyclomatic-complexity -MMD -MP -MF"Core/Src/main.d" -MT"Core/Src/main.o" --specs=nano.specs -mfpu=fpv4-sp-d16 -mfloat-abi=hard -mthumb -o "Core/Src/main.o"
arm-none-eabi-gcc -o "41_CMSIS_RTOS_osTimer.elf" @"objects.list"   -mcpu=cortex-m4 -T"C:\STM32f411 FreeRTOS Workspace\41_CMSIS_RTOS_osTimer\STM32F411RETX_FLASH.ld" --specs=nosys.specs -Wl,-Map="41_CMSIS_RTOS_osTimer.map" -Wl,--gc-sections -static --specs=nano.specs -mfpu=fpv4-sp-d16 -mfloat-abi=hard -mthumb -Wl,--start-group -lc -lm -Wl,--end-group
Finished building target: 41_CMSIS_RTOS_osTimer.elf
 
arm-none-eabi-size  41_CMSIS_RTOS_osTimer.elf 
arm-none-eabi-objdump -h -S 41_CMSIS_RTOS_osTimer.elf  > "41_CMSIS_RTOS_osTimer.list"
arm-none-eabi-objcopy  -O ihex 41_CMSIS_RTOS_osTimer.elf  "41_CMSIS_RTOS_osTimer.hex"
   text	   data	    bss	    dec	    hex	filename
  21480	     16	  20528	  42024	   a428	41_CMSIS_RTOS_osTimer.elf
arm-none-eabi-objcopy  -O binary 41_CMSIS_RTOS_osTimer.elf  "41_CMSIS_RTOS_osTimer.bin"
Finished building: default.size.stdout
 
Finished building: 41_CMSIS_RTOS_osTimer.hex
Finished building: 41_CMSIS_RTOS_osTimer.bin
 
 
Finished building: 41_CMSIS_RTOS_osTimer.list
 

09:40:12 Build Finished. 0 errors, 0 warnings. (took 4s.308ms)

