20:55:27 **** Incremental Build of configuration Debug for project FreeRTOS_TasksAndMutex ****
make -j12 all 
arm-none-eabi-gcc "../Core/Src/main.c" -mcpu=cortex-m4 -std=gnu11 -g3 -DDEBUG -DUSE_HAL_DRIVER -DSTM32F411xE -c -I../Core/Inc -I../Drivers/STM32F4xx_HAL_Driver/Inc -I../Drivers/STM32F4xx_HAL_Driver/Inc/Legacy -I../Middlewares/Third_Party/FreeRTOS/Source/include -I../Middlewares/Third_Party/FreeRTOS/Source/CMSIS_RTOS -I../Middlewares/Third_Party/FreeRTOS/Source/portable/GCC/ARM_CM4F -I../Drivers/CMSIS/Device/ST/STM32F4xx/Include -I../Drivers/CMSIS/Include -O0 -ffunction-sections -fdata-sections -Wall -fstack-usage -fcyclomatic-complexity -MMD -MP -MF"Core/Src/main.d" -MT"Core/Src/main.o" --specs=nano.specs -mfpu=fpv4-sp-d16 -mfloat-abi=hard -mthumb -o "Core/Src/main.o"
arm-none-eabi-gcc -o "FreeRTOS_TasksAndMutex.elf" @"objects.list"   -mcpu=cortex-m4 -T"C:\STM32f411 FreeRTOS Workspace\FreeRTOS_TasksAndMutex\STM32F411RETX_FLASH.ld" --specs=nosys.specs -Wl,-Map="FreeRTOS_TasksAndMutex.map" -Wl,--gc-sections -static --specs=nano.specs -mfpu=fpv4-sp-d16 -mfloat-abi=hard -mthumb -Wl,--start-group -lc -lm -Wl,--end-group
Finished building target: FreeRTOS_TasksAndMutex.elf
 
arm-none-eabi-size  FreeRTOS_TasksAndMutex.elf 
arm-none-eabi-objdump -h -S FreeRTOS_TasksAndMutex.elf  > "FreeRTOS_TasksAndMutex.list"
   text	   data	    bss	    dec	    hex	filename
  19752	     16	  18032	  37800	   93a8	FreeRTOS_TasksAndMutex.elf
Finished building: default.size.stdout
 
Finished building: FreeRTOS_TasksAndMutex.list
 

20:55:30 Build Finished. 0 errors, 0 warnings. (took 2s.339ms)

